Archive member included because of file (symbol)

/home/rebble/.pebble-sdk/SDKs/current/sdk-core/pebble/aplite/lib/libpebble.a(tmp7jpKUopebble.o)
                              src/c/main_window.c.33.o (app_event_loop)

Allocating common symbols
Common symbol       size              file

habit_6             0x4               src/c/windows/stats_window.c.33.o
habit_stats         0x28              src/c/windows/habit_list.c.33.o
habit_5             0x4               src/c/windows/stats_window.c.33.o
habit_2             0x4               src/c/windows/stats_window.c.33.o
icon_bitmap         0x4               src/c/windows/icon_window.c.33.o
habit_9             0x4               src/c/windows/stats_window.c.33.o
habit_3             0x4               src/c/windows/stats_window.c.33.o
icon_window         0x4               src/c/windows/icon_window.c.33.o
habit_0             0x4               src/c/windows/stats_window.c.33.o
habit_8             0x4               src/c/windows/stats_window.c.33.o
stats_window        0x4               src/c/windows/stats_window.c.33.o
stats_text          0x4               src/c/windows/stats_window.c.33.o
habit_4             0x4               src/c/windows/stats_window.c.33.o
icon_layer          0x4               src/c/windows/icon_window.c.33.o
habit_1             0x4               src/c/windows/stats_window.c.33.o
habit_7             0x4               src/c/windows/stats_window.c.33.o

Discarded input sections

 .text          0x0000000000000000        0x0 /home/rebble/pebble-dev/pebble-sdk-4.6-rc2-linux64/arm-cs-tools/bin/../lib/gcc/arm-none-eabi/4.7.2/thumb2/crti.o
 .bss           0x0000000000000000        0x0 /home/rebble/pebble-dev/pebble-sdk-4.6-rc2-linux64/arm-cs-tools/bin/../lib/gcc/arm-none-eabi/4.7.2/thumb2/crti.o
 .init          0x0000000000000000        0x4 /home/rebble/pebble-dev/pebble-sdk-4.6-rc2-linux64/arm-cs-tools/bin/../lib/gcc/arm-none-eabi/4.7.2/thumb2/crti.o
 .fini          0x0000000000000000        0x4 /home/rebble/pebble-dev/pebble-sdk-4.6-rc2-linux64/arm-cs-tools/bin/../lib/gcc/arm-none-eabi/4.7.2/thumb2/crti.o
 .text          0x0000000000000000       0xc8 /home/rebble/pebble-dev/pebble-sdk-4.6-rc2-linux64/arm-cs-tools/bin/../lib/gcc/arm-none-eabi/4.7.2/thumb2/crtbegin.o
 .bss           0x0000000000000000       0x1c /home/rebble/pebble-dev/pebble-sdk-4.6-rc2-linux64/arm-cs-tools/bin/../lib/gcc/arm-none-eabi/4.7.2/thumb2/crtbegin.o
 .init_array    0x0000000000000000        0x4 /home/rebble/pebble-dev/pebble-sdk-4.6-rc2-linux64/arm-cs-tools/bin/../lib/gcc/arm-none-eabi/4.7.2/thumb2/crtbegin.o
 .fini_array    0x0000000000000000        0x4 /home/rebble/pebble-dev/pebble-sdk-4.6-rc2-linux64/arm-cs-tools/bin/../lib/gcc/arm-none-eabi/4.7.2/thumb2/crtbegin.o
 .eh_frame      0x0000000000000000        0x0 /home/rebble/pebble-dev/pebble-sdk-4.6-rc2-linux64/arm-cs-tools/bin/../lib/gcc/arm-none-eabi/4.7.2/thumb2/crtbegin.o
 .jcr           0x0000000000000000        0x0 /home/rebble/pebble-dev/pebble-sdk-4.6-rc2-linux64/arm-cs-tools/bin/../lib/gcc/arm-none-eabi/4.7.2/thumb2/crtbegin.o
 .tm_clone_table
                0x0000000000000000        0x0 /home/rebble/pebble-dev/pebble-sdk-4.6-rc2-linux64/arm-cs-tools/bin/../lib/gcc/arm-none-eabi/4.7.2/thumb2/crtbegin.o
 .text          0x0000000000000000        0x0 src/c/main_window.c.33.o
 .bss           0x0000000000000000        0x0 src/c/main_window.c.33.o
 .text          0x0000000000000000        0x0 src/c/windows/habit_list.c.33.o
 .bss           0x0000000000000000        0x0 src/c/windows/habit_list.c.33.o
 .text          0x0000000000000000        0x0 src/c/windows/icon_window.c.33.o
 .bss           0x0000000000000000        0x0 src/c/windows/icon_window.c.33.o
 .text          0x0000000000000000        0x0 src/c/windows/stats_window.c.33.o
 .bss           0x0000000000000000        0x0 src/c/windows/stats_window.c.33.o
 .text          0x0000000000000000        0x0 aplite/appinfo.auto.c.33.o
 .bss           0x0000000000000000        0x0 aplite/appinfo.auto.c.33.o
 .text          0x0000000000000000        0x0 aplite/src/resource_ids.auto.c.33.o
 .bss           0x0000000000000000        0x0 aplite/src/resource_ids.auto.c.33.o
 .data.RESOURCE_ID_UNCHECKED
                0x0000000000000000        0x4 aplite/src/resource_ids.auto.c.33.o
 .data.RESOURCE_ID_WHITE_UNCHECKED
                0x0000000000000000        0x4 aplite/src/resource_ids.auto.c.33.o
 .data.RESOURCE_ID_CHECKED
                0x0000000000000000        0x4 aplite/src/resource_ids.auto.c.33.o
 .data.RESOURCE_ID_CHALK_ICON
                0x0000000000000000        0x4 aplite/src/resource_ids.auto.c.33.o
 .data.RESOURCE_ID_WHITE_CHECKED
                0x0000000000000000        0x4 aplite/src/resource_ids.auto.c.33.o
 .text          0x0000000000000000        0x0 src/message_keys.auto.c.33.o
 .bss           0x0000000000000000        0x0 src/message_keys.auto.c.33.o
 .data.MESSAGE_KEY_dummy
                0x0000000000000000        0x4 src/message_keys.auto.c.33.o
[...]
Memory Configuration

Name             Origin             Length             Attributes
APP              0x0000000000000000 0x0000000000006000 xrw
*default*        0x0000000000000000 0xffffffffffffffff

Linker script and memory map

LOAD /home/rebble/pebble-dev/pebble-sdk-4.6-rc2-linux64/arm-cs-tools/bin/../lib/gcc/arm-none-eabi/4.7.2/thumb2/crti.o
LOAD /home/rebble/pebble-dev/pebble-sdk-4.6-rc2-linux64/arm-cs-tools/bin/../lib/gcc/arm-none-eabi/4.7.2/thumb2/crtbegin.o
LOAD src/c/main_window.c.33.o
LOAD src/c/windows/habit_list.c.33.o
LOAD src/c/windows/icon_window.c.33.o
LOAD src/c/windows/stats_window.c.33.o
LOAD aplite/appinfo.auto.c.33.o
LOAD aplite/src/resource_ids.auto.c.33.o
LOAD src/message_keys.auto.c.33.o
LOAD /home/rebble/.pebble-sdk/SDKs/current/sdk-core/pebble/aplite/lib/libpebble.a
LOAD /home/rebble/code/pebble_habit_tracker/node_modules/pebble-clay/dist/binaries/aplite/libpebble-clay.a
START GROUP
LOAD /home/rebble/pebble-dev/pebble-sdk-4.6-rc2-linux64/arm-cs-tools/bin/../lib/gcc/arm-none-eabi/4.7.2/thumb2/libgcc.a
LOAD /home/rebble/pebble-dev/pebble-sdk-4.6-rc2-linux64/arm-cs-tools/bin/../lib/gcc/arm-none-eabi/4.7.2/../../../../arm-none-eabi/lib/thumb2/libc.a
END GROUP
LOAD /home/rebble/pebble-dev/pebble-sdk-4.6-rc2-linux64/arm-cs-tools/bin/../lib/gcc/arm-none-eabi/4.7.2/thumb2/crtend.o
LOAD /home/rebble/pebble-dev/pebble-sdk-4.6-rc2-linux64/arm-cs-tools/bin/../lib/gcc/arm-none-eabi/4.7.2/thumb2/crtn.o

.header         0x0000000000000000       0x82
 *(.pbl_header)
 .pbl_header    0x0000000000000000       0x82 aplite/appinfo.auto.c.33.o
                0x0000000000000000                __pbl_app_info

.note.gnu.build-id
                0x0000000000000082       0x26
                0x0000000000000082                PROVIDE (BUILD_ID, .)
 *(.note.gnu.build-id)
 *fill*         0x0000000000000082        0x2 
 .note.gnu.build-id
                0x0000000000000084       0x24 linker stubs

.text           0x00000000000000a8      0xa05
 *(.text)
 .text          0x00000000000000a8       0x14 /home/rebble/.pebble-sdk/SDKs/current/sdk-core/pebble/aplite/lib/libpebble.a(tmp7jpKUopebble.o)
 *(.text.*)
 .text.num_rows_callback
                0x00000000000000bc        0x4 src/c/main_window.c.33.o
                0x00000000000000bc                num_rows_callback
 .text.window_unload
                0x00000000000000c0       0x10 src/c/main_window.c.33.o
                0x00000000000000c0                window_unload
 .text.window_load
                0x00000000000000d0       0x94 src/c/main_window.c.33.o
                0x00000000000000d0                window_load
 .text.select_click_callback
                0x0000000000000164       0x1c src/c/main_window.c.33.o
                0x0000000000000164                select_click_callback
 .text.draw_row_callback
                0x0000000000000180       0x58 src/c/main_window.c.33.o
                0x0000000000000180                draw_row_callback
 .text.init     0x00000000000001d8       0x50 src/c/main_window.c.33.o
                0x00000000000001d8                init
 .text.deinit   0x0000000000000228       0x10 src/c/main_window.c.33.o
                0x0000000000000228                deinit
 .text.startup.main
                0x0000000000000238       0x12 src/c/main_window.c.33.o
                0x0000000000000238                main
 .text.h_num_rows_callback
                0x000000000000024a        0x4 src/c/windows/habit_list.c.33.o
                0x000000000000024a                h_num_rows_callback
 *fill*         0x000000000000024e        0x2 
 .text.habit_window_unload
                0x0000000000000250       0x30 src/c/windows/habit_list.c.33.o
                0x0000000000000250                habit_window_unload
 .text.habit_window_load
                0x0000000000000280       0xe0 src/c/windows/habit_list.c.33.o
                0x0000000000000280                habit_window_load
 .text.h_draw_row_callback
                0x0000000000000360      0x128 src/c/windows/habit_list.c.33.o
                0x0000000000000360                h_draw_row_callback
 .text.save_stats
                0x0000000000000488       0x18 src/c/windows/habit_list.c.33.o
                0x0000000000000488                save_stats
 .text.h_select_click_callback
                0x00000000000004a0       0x8c src/c/windows/habit_list.c.33.o
                0x00000000000004a0                h_select_click_callback
 .text.load_data
                0x000000000000052c       0x20 src/c/windows/habit_list.c.33.o
                0x000000000000052c                load_data
 .text.habit_list_push
                0x000000000000054c       0x58 src/c/windows/habit_list.c.33.o
                0x000000000000054c                habit_list_push
 .text.icon_window_unload
                0x00000000000005a4       0x2c src/c/windows/icon_window.c.33.o
                0x00000000000005a4                icon_window_unload
 .text.icon_window_load
                0x00000000000005d0       0x60 src/c/windows/icon_window.c.33.o
                0x00000000000005d0                icon_window_load
 .text.icon_window_push
                0x0000000000000630       0x58 src/c/windows/icon_window.c.33.o
                0x0000000000000630                icon_window_push
 .text.stats_window_unload
                0x0000000000000688       0x18 src/c/windows/stats_window.c.33.o
                0x0000000000000688                stats_window_unload
 .text.stats_window_load
                0x00000000000006a0       0xe8 src/c/windows/stats_window.c.33.o
                0x00000000000006a0                stats_window_load
 .text.stats_window_push
                0x0000000000000788       0x58 src/c/windows/stats_window.c.33.o
                0x0000000000000788                stats_window_push
 .text.app_event_loop
                0x00000000000007e0        0xc /home/rebble/.pebble-sdk/SDKs/current/sdk-core/pebble/aplite/lib/libpebble.a(tmp7jpKUopebble.o)
                0x00000000000007e0                app_event_loop
 .text.bitmap_layer_create
                0x00000000000007ec        0xc /home/rebble/.pebble-sdk/SDKs/current/sdk-core/pebble/aplite/lib/libpebble.a(tmp7jpKUopebble.o)
                0x00000000000007ec                bitmap_layer_create
 .text.bitmap_layer_destroy
                0x00000000000007f8        0xc /home/rebble/.pebble-sdk/SDKs/current/sdk-core/pebble/aplite/lib/libpebble.a(tmp7jpKUopebble.o)
                0x00000000000007f8                bitmap_layer_destroy
 .text.bitmap_layer_get_layer
                0x0000000000000804        0xc /home/rebble/.pebble-sdk/SDKs/current/sdk-core/pebble/aplite/lib/libpebble.a(tmp7jpKUopebble.o)
                0x0000000000000804                bitmap_layer_get_layer
 .text.bitmap_layer_set_bitmap
                0x0000000000000810        0xc /home/rebble/.pebble-sdk/SDKs/current/sdk-core/pebble/aplite/lib/libpebble.a(tmp7jpKUopebble.o)
                0x0000000000000810                bitmap_layer_set_bitmap
 .text.fonts_get_system_font
                0x000000000000081c        0xc /home/rebble/.pebble-sdk/SDKs/current/sdk-core/pebble/aplite/lib/libpebble.a(tmp7jpKUopebble.o)
                0x000000000000081c                fonts_get_system_font
 .text.gbitmap_create_with_resource
                0x0000000000000828        0xc /home/rebble/.pebble-sdk/SDKs/current/sdk-core/pebble/aplite/lib/libpebble.a(tmp7jpKUopebble.o)
                0x0000000000000828                gbitmap_create_with_resource
 .text.gbitmap_destroy
                0x0000000000000834        0xc /home/rebble/.pebble-sdk/SDKs/current/sdk-core/pebble/aplite/lib/libpebble.a(tmp7jpKUopebble.o)
                0x0000000000000834                gbitmap_destroy
 .text.graphics_context_set_compositing_mode
                0x0000000000000840        0xc /home/rebble/.pebble-sdk/SDKs/current/sdk-core/pebble/aplite/lib/libpebble.a(tmp7jpKUopebble.o)
                0x0000000000000840                graphics_context_set_compositing_mode
 .text.graphics_draw_bitmap_in_rect
                0x000000000000084c        0xc /home/rebble/.pebble-sdk/SDKs/current/sdk-core/pebble/aplite/lib/libpebble.a(tmp7jpKUopebble.o)
                0x000000000000084c                graphics_draw_bitmap_in_rect
 .text.layer_add_child
                0x0000000000000858        0xc /home/rebble/.pebble-sdk/SDKs/current/sdk-core/pebble/aplite/lib/libpebble.a(tmp7jpKUopebble.o)
                0x0000000000000858                layer_add_child
 .text.layer_get_bounds
                0x0000000000000864        0xc /home/rebble/.pebble-sdk/SDKs/current/sdk-core/pebble/aplite/lib/libpebble.a(tmp7jpKUopebble.o)
                0x0000000000000864                layer_get_bounds
 .text.memset   0x0000000000000870        0xc /home/rebble/.pebble-sdk/SDKs/current/sdk-core/pebble/aplite/lib/libpebble.a(tmp7jpKUopebble.o)
                0x0000000000000870                memset
 .text.menu_cell_basic_draw
                0x000000000000087c        0xc /home/rebble/.pebble-sdk/SDKs/current/sdk-core/pebble/aplite/lib/libpebble.a(tmp7jpKUopebble.o)
                0x000000000000087c                menu_cell_basic_draw
 .text.menu_layer_destroy
                0x0000000000000888        0xc /home/rebble/.pebble-sdk/SDKs/current/sdk-core/pebble/aplite/lib/libpebble.a(tmp7jpKUopebble.o)
                0x0000000000000888                menu_layer_destroy
 .text.menu_layer_get_layer
                0x0000000000000894        0xc /home/rebble/.pebble-sdk/SDKs/current/sdk-core/pebble/aplite/lib/libpebble.a(tmp7jpKUopebble.o)
                0x0000000000000894                menu_layer_get_layer
 .text.menu_layer_set_click_config_onto_window
                0x00000000000008a0        0xc /home/rebble/.pebble-sdk/SDKs/current/sdk-core/pebble/aplite/lib/libpebble.a(tmp7jpKUopebble.o)
                0x00000000000008a0                menu_layer_set_click_config_onto_window
 .text.snprintf
                0x00000000000008ac        0xc /home/rebble/.pebble-sdk/SDKs/current/sdk-core/pebble/aplite/lib/libpebble.a(tmp7jpKUopebble.o)
                0x00000000000008ac                snprintf
 .text.vibes_enqueue_custom_pattern
                0x00000000000008b8        0xc /home/rebble/.pebble-sdk/SDKs/current/sdk-core/pebble/aplite/lib/libpebble.a(tmp7jpKUopebble.o)
                0x00000000000008b8                vibes_enqueue_custom_pattern
 .text.window_create
                0x00000000000008c4        0xc /home/rebble/.pebble-sdk/SDKs/current/sdk-core/pebble/aplite/lib/libpebble.a(tmp7jpKUopebble.o)
                0x00000000000008c4                window_create
 .text.window_destroy
                0x00000000000008d0        0xc /home/rebble/.pebble-sdk/SDKs/current/sdk-core/pebble/aplite/lib/libpebble.a(tmp7jpKUopebble.o)
                0x00000000000008d0                window_destroy
 .text.window_get_root_layer
                0x00000000000008dc        0xc /home/rebble/.pebble-sdk/SDKs/current/sdk-core/pebble/aplite/lib/libpebble.a(tmp7jpKUopebble.o)
                0x00000000000008dc                window_get_root_layer
 .text.window_set_window_handlers
                0x00000000000008e8        0xc /home/rebble/.pebble-sdk/SDKs/current/sdk-core/pebble/aplite/lib/libpebble.a(tmp7jpKUopebble.o)
                0x00000000000008e8                window_set_window_handlers
 .text.window_stack_pop
                0x00000000000008f4        0xc /home/rebble/.pebble-sdk/SDKs/current/sdk-core/pebble/aplite/lib/libpebble.a(tmp7jpKUopebble.o)
                0x00000000000008f4                window_stack_pop
 .text.window_stack_push
                0x0000000000000900        0xc /home/rebble/.pebble-sdk/SDKs/current/sdk-core/pebble/aplite/lib/libpebble.a(tmp7jpKUopebble.o)
                0x0000000000000900                window_stack_push
 .text.persist_read_data
                0x000000000000090c        0xc /home/rebble/.pebble-sdk/SDKs/current/sdk-core/pebble/aplite/lib/libpebble.a(tmp7jpKUopebble.o)
                0x000000000000090c                persist_read_data
 .text.persist_write_data
                0x0000000000000918        0xc /home/rebble/.pebble-sdk/SDKs/current/sdk-core/pebble/aplite/lib/libpebble.a(tmp7jpKUopebble.o)
                0x0000000000000918                persist_write_data
 .text.graphics_context_set_stroke_color
                0x0000000000000924        0xc /home/rebble/.pebble-sdk/SDKs/current/sdk-core/pebble/aplite/lib/libpebble.a(tmp7jpKUopebble.o)
                0x0000000000000924                graphics_context_set_stroke_color
 .text.gbitmap_get_bounds
                0x0000000000000930        0xc /home/rebble/.pebble-sdk/SDKs/current/sdk-core/pebble/aplite/lib/libpebble.a(tmp7jpKUopebble.o)
                0x0000000000000930                gbitmap_get_bounds
 .text.menu_layer_create
                0x000000000000093c        0xc /home/rebble/.pebble-sdk/SDKs/current/sdk-core/pebble/aplite/lib/libpebble.a(tmp7jpKUopebble.o)
                0x000000000000093c                menu_layer_create
 .text.menu_cell_layer_is_highlighted
                0x0000000000000948        0xc /home/rebble/.pebble-sdk/SDKs/current/sdk-core/pebble/aplite/lib/libpebble.a(tmp7jpKUopebble.o)
                0x0000000000000948                menu_cell_layer_is_highlighted
 .text.text_layer_create
                0x0000000000000954        0xc /home/rebble/.pebble-sdk/SDKs/current/sdk-core/pebble/aplite/lib/libpebble.a(tmp7jpKUopebble.o)
                0x0000000000000954                text_layer_create
 .text.text_layer_destroy
                0x0000000000000960        0xc /home/rebble/.pebble-sdk/SDKs/current/sdk-core/pebble/aplite/lib/libpebble.a(tmp7jpKUopebble.o)
                0x0000000000000960                text_layer_destroy
 .text.text_layer_get_layer
                0x000000000000096c        0xc /home/rebble/.pebble-sdk/SDKs/current/sdk-core/pebble/aplite/lib/libpebble.a(tmp7jpKUopebble.o)
                0x000000000000096c                text_layer_get_layer
 .text.text_layer_set_background_color
                0x0000000000000978        0xc /home/rebble/.pebble-sdk/SDKs/current/sdk-core/pebble/aplite/lib/libpebble.a(tmp7jpKUopebble.o)
                0x0000000000000978                text_layer_set_background_color
 .text.text_layer_set_font
                0x0000000000000984        0xc /home/rebble/.pebble-sdk/SDKs/current/sdk-core/pebble/aplite/lib/libpebble.a(tmp7jpKUopebble.o)
                0x0000000000000984                text_layer_set_font
 .text.text_layer_set_text
                0x0000000000000990        0xc /home/rebble/.pebble-sdk/SDKs/current/sdk-core/pebble/aplite/lib/libpebble.a(tmp7jpKUopebble.o)
                0x0000000000000990                text_layer_set_text
 .text.menu_layer_set_callbacks
                0x000000000000099c        0xc /home/rebble/.pebble-sdk/SDKs/current/sdk-core/pebble/aplite/lib/libpebble.a(tmp7jpKUopebble.o)
                0x000000000000099c                menu_layer_set_callbacks
 *(.rodata)
 .rodata        0x00000000000009a8        0x8 src/c/main_window.c.33.o
 .rodata        0x00000000000009b0        0x8 src/c/windows/habit_list.c.33.o
 .rodata        0x00000000000009b8        0x8 src/c/windows/icon_window.c.33.o
 *(.rodata*)
 .rodata.str1.1
                0x00000000000009c0       0x49 src/c/main_window.c.33.o
 .rodata.str1.1
                0x0000000000000a09       0x28 src/c/windows/habit_list.c.33.o
 .rodata.str1.1
                0x0000000000000a31       0x7c src/c/windows/stats_window.c.33.o
                                         0x7f (size before relaxing)

.glue_7         0x0000000000000ab0        0x0
 .glue_7        0x0000000000000000        0x0 linker stubs

.glue_7t        0x0000000000000ab0        0x0
 .glue_7t       0x0000000000000000        0x0 linker stubs

.vfp11_veneer   0x0000000000000ab0        0x0
 .vfp11_veneer  0x0000000000000000        0x0 linker stubs

.v4_bx          0x0000000000000ab0        0x0
 .v4_bx         0x0000000000000000        0x0 linker stubs

.iplt           0x0000000000000ab0        0x0
 .iplt          0x0000000000000000        0x0 /home/rebble/pebble-dev/pebble-sdk-4.6-rc2-linux64/arm-cs-tools/bin/../lib/gcc/arm-none-eabi/4.7.2/thumb2/crtbegin.o

.rel.dyn        0x0000000000000ab0        0x0
 .rel.iplt      0x0000000000000000        0x0 /home/rebble/pebble-dev/pebble-sdk-4.6-rc2-linux64/arm-cs-tools/bin/../lib/gcc/arm-none-eabi/4.7.2/thumb2/crtbegin.o
 .rel.got       0x0000000000000000        0x0 /home/rebble/pebble-dev/pebble-sdk-4.6-rc2-linux64/arm-cs-tools/bin/../lib/gcc/arm-none-eabi/4.7.2/thumb2/crtbegin.o

.data           0x0000000000000ab0        0x4
 *(.data)
 .data          0x0000000000000ab0        0x0 /home/rebble/pebble-dev/pebble-sdk-4.6-rc2-linux64/arm-cs-tools/bin/../lib/gcc/arm-none-eabi/4.7.2/thumb2/crti.o
 .data          0x0000000000000ab0        0x4 /home/rebble/pebble-dev/pebble-sdk-4.6-rc2-linux64/arm-cs-tools/bin/../lib/gcc/arm-none-eabi/4.7.2/thumb2/crtbegin.o
                0x0000000000000ab0                __dso_handle
 .data          0x0000000000000ab4        0x0 src/c/main_window.c.33.o
 .data          0x0000000000000ab4        0x0 src/c/windows/habit_list.c.33.o
 .data          0x0000000000000ab4        0x0 src/c/windows/icon_window.c.33.o
 .data          0x0000000000000ab4        0x0 src/c/windows/stats_window.c.33.o
 .data          0x0000000000000ab4        0x0 aplite/appinfo.auto.c.33.o
 .data          0x0000000000000ab4        0x0 aplite/src/resource_ids.auto.c.33.o
 .data          0x0000000000000ab4        0x0 src/message_keys.auto.c.33.o
 .data          0x0000000000000ab4        0x0 /home/rebble/.pebble-sdk/SDKs/current/sdk-core/pebble/aplite/lib/libpebble.a(tmp7jpKUopebble.o)
 .data          0x0000000000000ab4        0x0 /home/rebble/pebble-dev/pebble-sdk-4.6-rc2-linux64/arm-cs-tools/bin/../lib/gcc/arm-none-eabi/4.7.2/thumb2/crtend.o
 .data          0x0000000000000ab4        0x0 /home/rebble/pebble-dev/pebble-sdk-4.6-rc2-linux64/arm-cs-tools/bin/../lib/gcc/arm-none-eabi/4.7.2/thumb2/crtn.o
 *(.data.*)

.igot.plt       0x0000000000000ab4        0x0
 .igot.plt      0x0000000000000000        0x0 /home/rebble/pebble-dev/pebble-sdk-4.6-rc2-linux64/arm-cs-tools/bin/../lib/gcc/arm-none-eabi/4.7.2/thumb2/crtbegin.o

.got            0x0000000000000ab4       0x1c
 .got           0x0000000000000ab4       0x1c /home/rebble/pebble-dev/pebble-sdk-4.6-rc2-linux64/arm-cs-tools/bin/../lib/gcc/arm-none-eabi/4.7.2/thumb2/crtbegin.o

.got.plt        0x0000000000000ad0        0xc
 .got.plt       0x0000000000000ad0        0xc /home/rebble/pebble-dev/pebble-sdk-4.6-rc2-linux64/arm-cs-tools/bin/../lib/gcc/arm-none-eabi/4.7.2/thumb2/crtbegin.o
                0x0000000000000ad0                _GLOBAL_OFFSET_TABLE_

.bss            0x0000000000000adc       0xac
 *(.bss)
 *(.bss.*)
 .bss.menu_layer
                0x0000000000000adc        0x4 src/c/main_window.c.33.o
 .bss.window    0x0000000000000ae0        0x4 src/c/main_window.c.33.o
 .bss.white_unchecked_icon
                0x0000000000000ae4        0x4 src/c/windows/habit_list.c.33.o
 .bss.habit_list_buff.7490
                0x0000000000000ae8       0x10 src/c/windows/habit_list.c.33.o
 .bss.s_selections
                0x0000000000000af8        0x5 src/c/windows/habit_list.c.33.o
 *fill*         0x0000000000000afd        0x3 
 .bss.checked_icon
                0x0000000000000b00        0x4 src/c/windows/habit_list.c.33.o
 .bss.habit_window
                0x0000000000000b04        0x4 src/c/windows/habit_list.c.33.o
 .bss.unchecked_icon
                0x0000000000000b08        0x4 src/c/windows/habit_list.c.33.o
 .bss.habit_menu_layer
                0x0000000000000b0c        0x4 src/c/windows/habit_list.c.33.o
 .bss.white_checked_icon
                0x0000000000000b10        0x4 src/c/windows/habit_list.c.33.o
 .bss.habit_buff.7493
                0x0000000000000b14       0x10 src/c/windows/stats_window.c.33.o
 COMMON         0x0000000000000b24       0x28 src/c/windows/habit_list.c.33.o
                0x0000000000000b24                habit_stats
 COMMON         0x0000000000000b4c        0xc src/c/windows/icon_window.c.33.o
                0x0000000000000b4c                icon_bitmap
                0x0000000000000b50                icon_window
                0x0000000000000b54                icon_layer
 COMMON         0x0000000000000b58       0x30 src/c/windows/stats_window.c.33.o
                0x0000000000000b58                habit_6
                0x0000000000000b5c                habit_5
                0x0000000000000b60                habit_2
                0x0000000000000b64                habit_9
                0x0000000000000b68                habit_3
                0x0000000000000b6c                habit_0
                0x0000000000000b70                habit_8
                0x0000000000000b74                stats_window
                0x0000000000000b78                stats_text
                0x0000000000000b7c                habit_4
                0x0000000000000b80                habit_1
                0x0000000000000b84                habit_7

DISCARD
 libc.a(*)
 libm.a(*)
 libgcc.a(*)
 *(.eh_frame)
OUTPUT(/home/rebble/code/pebble_habit_tracker/build/aplite/pebble-app.elf elf32-littlearm)

.ARM.attributes
                0x0000000000000000       0x27
 .ARM.attributes
                0x0000000000000000       0x19 /home/rebble/pebble-dev/pebble-sdk-4.6-rc2-linux64/arm-cs-tools/bin/../lib/gcc/arm-none-eabi/4.7.2/thumb2/crti.o
 .ARM.attributes
                0x0000000000000019       0x29 /home/rebble/pebble-dev/pebble-sdk-4.6-rc2-linux64/arm-cs-tools/bin/../lib/gcc/arm-none-eabi/4.7.2/thumb2/crtbegin.o
 .ARM.attributes
                0x0000000000000042       0x33 src/c/main_window.c.33.o
 .ARM.attributes
                0x0000000000000075       0x33 src/c/windows/habit_list.c.33.o
 .ARM.attributes
                0x00000000000000a8       0x33 src/c/windows/icon_window.c.33.o
 .ARM.attributes
                0x00000000000000db       0x33 src/c/windows/stats_window.c.33.o
 .ARM.attributes
                0x000000000000010e       0x33 aplite/appinfo.auto.c.33.o
 .ARM.attributes
                0x0000000000000141       0x33 aplite/src/resource_ids.auto.c.33.o
 .ARM.attributes
                0x0000000000000174       0x33 src/message_keys.auto.c.33.o
 .ARM.attributes
                0x00000000000001a7       0x21 /home/rebble/.pebble-sdk/SDKs/current/sdk-core/pebble/aplite/lib/libpebble.a(tmp7jpKUopebble.o)
 .ARM.attributes
                0x00000000000001c8       0x29 /home/rebble/pebble-dev/pebble-sdk-4.6-rc2-linux64/arm-cs-tools/bin/../lib/gcc/arm-none-eabi/4.7.2/thumb2/crtend.o
 .ARM.attributes
                0x00000000000001f1       0x19 /home/rebble/pebble-dev/pebble-sdk-4.6-rc2-linux64/arm-cs-tools/bin/../lib/gcc/arm-none-eabi/4.7.2/thumb2/crtn.o

.comment        0x0000000000000000       0x4e
 .comment       0x0000000000000000       0x4e /home/rebble/pebble-dev/pebble-sdk-4.6-rc2-linux64/arm-cs-tools/bin/../lib/gcc/arm-none-eabi/4.7.2/thumb2/crtbegin.o
                                         0x4f (size before relaxing)
 .comment       0x0000000000000000       0x4f src/c/main_window.c.33.o
 .comment       0x0000000000000000       0x4f src/c/windows/habit_list.c.33.o
 .comment       0x0000000000000000       0x4f src/c/windows/icon_window.c.33.o
 .comment       0x0000000000000000       0x4f src/c/windows/stats_window.c.33.o
 .comment       0x0000000000000000       0x4f aplite/appinfo.auto.c.33.o
 .comment       0x0000000000000000       0x4f aplite/src/resource_ids.auto.c.33.o
 .comment       0x0000000000000000       0x4f src/message_keys.auto.c.33.o
 .comment       0x0000000000000000       0x4f /home/rebble/pebble-dev/pebble-sdk-4.6-rc2-linux64/arm-cs-tools/bin/../lib/gcc/arm-none-eabi/4.7.2/thumb2/crtend.o

.debug_info     0x0000000000000000     0x29b4
 .debug_info    0x0000000000000000      0xa22 src/c/main_window.c.33.o
 .debug_info    0x0000000000000a22      0xf61 src/c/windows/habit_list.c.33.o
 .debug_info    0x0000000000001983      0x4b6 src/c/windows/icon_window.c.33.o
 .debug_info    0x0000000000001e39      0x717 src/c/windows/stats_window.c.33.o
 .debug_info    0x0000000000002550      0x31a aplite/appinfo.auto.c.33.o
 .debug_info    0x000000000000286a       0xc9 aplite/src/resource_ids.auto.c.33.o
 .debug_info    0x0000000000002933       0x81 src/message_keys.auto.c.33.o

.debug_abbrev   0x0000000000000000      0xb00
 .debug_abbrev  0x0000000000000000      0x2a4 src/c/main_window.c.33.o
 .debug_abbrev  0x00000000000002a4      0x358 src/c/windows/habit_list.c.33.o
 .debug_abbrev  0x00000000000005fc      0x194 src/c/windows/icon_window.c.33.o
 .debug_abbrev  0x0000000000000790      0x24a src/c/windows/stats_window.c.33.o
 .debug_abbrev  0x00000000000009da       0x9e aplite/appinfo.auto.c.33.o
 .debug_abbrev  0x0000000000000a78       0x44 aplite/src/resource_ids.auto.c.33.o
 .debug_abbrev  0x0000000000000abc       0x44 src/message_keys.auto.c.33.o

.debug_loc      0x0000000000000000      0x80e
 .debug_loc     0x0000000000000000      0x310 src/c/main_window.c.33.o
 .debug_loc     0x0000000000000310      0x37d src/c/windows/habit_list.c.33.o
 .debug_loc     0x000000000000068d       0xab src/c/windows/icon_window.c.33.o
 .debug_loc     0x0000000000000738       0xd6 src/c/windows/stats_window.c.33.o

.debug_aranges  0x0000000000000000      0x158
 .debug_aranges
                0x0000000000000000       0x58 src/c/main_window.c.33.o
 .debug_aranges
                0x0000000000000058       0x58 src/c/windows/habit_list.c.33.o
 .debug_aranges
                0x00000000000000b0       0x30 src/c/windows/icon_window.c.33.o
 .debug_aranges
                0x00000000000000e0       0x30 src/c/windows/stats_window.c.33.o
 .debug_aranges
                0x0000000000000110       0x18 aplite/appinfo.auto.c.33.o
 .debug_aranges
                0x0000000000000128       0x18 aplite/src/resource_ids.auto.c.33.o
 .debug_aranges
                0x0000000000000140       0x18 src/message_keys.auto.c.33.o

.debug_ranges   0x0000000000000000      0x130
 .debug_ranges  0x0000000000000000       0x48 src/c/main_window.c.33.o
 .debug_ranges  0x0000000000000048       0xa8 src/c/windows/habit_list.c.33.o
 .debug_ranges  0x00000000000000f0       0x20 src/c/windows/icon_window.c.33.o
 .debug_ranges  0x0000000000000110       0x20 src/c/windows/stats_window.c.33.o

.debug_line     0x0000000000000000      0xb10
 .debug_line    0x0000000000000000      0x220 src/c/main_window.c.33.o
 .debug_line    0x0000000000000220      0x2b5 src/c/windows/habit_list.c.33.o
 .debug_line    0x00000000000004d5      0x16f src/c/windows/icon_window.c.33.o
 .debug_line    0x0000000000000644      0x20e src/c/windows/stats_window.c.33.o
 .debug_line    0x0000000000000852      0x125 aplite/appinfo.auto.c.33.o
 .debug_line    0x0000000000000977       0xd0 aplite/src/resource_ids.auto.c.33.o
 .debug_line    0x0000000000000a47       0xc9 src/message_keys.auto.c.33.o

.debug_str      0x0000000000000000      0xd64
 .debug_str     0x0000000000000000      0x527 src/c/main_window.c.33.o
                                        0x604 (size before relaxing)
 .debug_str     0x0000000000000527      0x305 src/c/windows/habit_list.c.33.o
                                        0x86c (size before relaxing)
 .debug_str     0x000000000000082c       0xca src/c/windows/icon_window.c.33.o
                                        0x2c7 (size before relaxing)
 .debug_str     0x00000000000008f6      0x17f src/c/windows/stats_window.c.33.o
                                        0x381 (size before relaxing)
 .debug_str     0x0000000000000a75      0x22f aplite/appinfo.auto.c.33.o
                                        0x31b (size before relaxing)
 .debug_str     0x0000000000000ca4       0x96 aplite/src/resource_ids.auto.c.33.o
                                        0x15c (size before relaxing)
 .debug_str     0x0000000000000d3a       0x2a src/message_keys.auto.c.33.o
                                         0xf0 (size before relaxing)

.debug_frame    0x0000000000000000      0x284
 .debug_frame   0x0000000000000000       0xc8 src/c/main_window.c.33.o
 .debug_frame   0x00000000000000c8       0xec src/c/windows/habit_list.c.33.o
 .debug_frame   0x00000000000001b4       0x68 src/c/windows/icon_window.c.33.o
 .debug_frame   0x000000000000021c       0x68 src/c/windows/stats_window.c.33.o
